!*** M2M QVT Operational (QVTO) map ********************************************

!*** QVT features ***************************************************************************
feature@org.eclipse.m2m.qvt.oml.sdk=v20080825-1430,:pserver:anonymous@dev.eclipse.org:/cvsroot/modeling,,org.eclipse.m2m/org.eclipse.m2m.qvt.oml/features/org.eclipse.m2m.qvt.oml.sdk-feature
feature@org.eclipse.m2m.qvt.oml=v20081103-1908,:pserver:anonymous@dev.eclipse.org:/cvsroot/modeling,,org.eclipse.m2m/org.eclipse.m2m.qvt.oml/features/org.eclipse.m2m.qvt.oml.feature
feature@org.eclipse.m2m.qvt.oml.common=v20080930-1000,:pserver:anonymous@dev.eclipse.org:/cvsroot/modeling,,org.eclipse.m2m/org.eclipse.m2m.qvt.oml/features/org.eclipse.m2m.qvt.oml.common.feature
feature@org.eclipse.m2m.qvt.oml.editor=v20080930-1000,:pserver:anonymous@dev.eclipse.org:/cvsroot/modeling,,org.eclipse.m2m/org.eclipse.m2m.qvt.oml/features/org.eclipse.m2m.qvt.oml.editor.feature
feature@org.eclipse.m2m.qvt.oml.runtime=v20080930-1000,:pserver:anonymous@dev.eclipse.org:/cvsroot/modeling,,org.eclipse.m2m/org.eclipse.m2m.qvt.oml/features/org.eclipse.m2m.qvt.oml.runtime.feature

!*** QVT plug-ins ***************************************************************************
plugin@org.eclipse.m2m.qvt.oml=v20081103-1908,:pserver:anonymous@dev.eclipse.org:/cvsroot/modeling,,org.eclipse.m2m/org.eclipse.m2m.qvt.oml/plugins/org.eclipse.m2m.qvt.oml
plugin@org.eclipse.m2m.qvt.oml.common=v20081103-1908,:pserver:anonymous@dev.eclipse.org:/cvsroot/modeling,,org.eclipse.m2m/org.eclipse.m2m.qvt.oml/plugins/org.eclipse.m2m.qvt.oml.common
plugin@org.eclipse.m2m.qvt.oml.common.ui=v20081103-1908,:pserver:anonymous@dev.eclipse.org:/cvsroot/modeling,,org.eclipse.m2m/org.eclipse.m2m.qvt.oml/plugins/org.eclipse.m2m.qvt.oml.common.ui
plugin@org.eclipse.m2m.qvt.oml.cst.parser=v20081103-1908,:pserver:anonymous@dev.eclipse.org:/cvsroot/modeling,,org.eclipse.m2m/org.eclipse.m2m.qvt.oml/plugins/org.eclipse.m2m.qvt.oml.cst.parser
plugin@org.eclipse.m2m.qvt.oml.editor.ui=v20081103-1908,:pserver:anonymous@dev.eclipse.org:/cvsroot/modeling,,org.eclipse.m2m/org.eclipse.m2m.qvt.oml/plugins/org.eclipse.m2m.qvt.oml.editor.ui
plugin@org.eclipse.m2m.qvt.oml.emf.util=v20080930-1000,:pserver:anonymous@dev.eclipse.org:/cvsroot/modeling,,org.eclipse.m2m/org.eclipse.m2m.qvt.oml/plugins/org.eclipse.m2m.qvt.oml.emf.util
plugin@org.eclipse.m2m.qvt.oml.emf.util.ui=v20080930-1000,:pserver:anonymous@dev.eclipse.org:/cvsroot/modeling,,org.eclipse.m2m/org.eclipse.m2m.qvt.oml/plugins/org.eclipse.m2m.qvt.oml.emf.util.ui
plugin@org.eclipse.m2m.qvt.oml.ocl=v20081103-1908,:pserver:anonymous@dev.eclipse.org:/cvsroot/modeling,,org.eclipse.m2m/org.eclipse.m2m.qvt.oml/plugins/org.eclipse.m2m.qvt.oml.ocl
plugin@org.eclipse.m2m.qvt.oml.ocl.emf.libraries=v20080930-1000,:pserver:anonymous@dev.eclipse.org:/cvsroot/modeling,,org.eclipse.m2m/org.eclipse.m2m.qvt.oml/plugins/org.eclipse.m2m.qvt.oml.ocl.emf.libraries
plugin@org.eclipse.m2m.qvt.oml.project=v20080930-1000,:pserver:anonymous@dev.eclipse.org:/cvsroot/modeling,,org.eclipse.m2m/org.eclipse.m2m.qvt.oml/plugins/org.eclipse.m2m.qvt.oml.project
plugin@org.eclipse.m2m.qvt.oml.runtime=v20081103-1908,:pserver:anonymous@dev.eclipse.org:/cvsroot/modeling,,org.eclipse.m2m/org.eclipse.m2m.qvt.oml/plugins/org.eclipse.m2m.qvt.oml.runtime
plugin@org.eclipse.m2m.qvt.oml.runtime.ui=v20081103-1908,:pserver:anonymous@dev.eclipse.org:/cvsroot/modeling,,org.eclipse.m2m/org.eclipse.m2m.qvt.oml/plugins/org.eclipse.m2m.qvt.oml.runtime.ui
plugin@org.eclipse.m2m.qvt.oml.ui=v20080930-1000,:pserver:anonymous@dev.eclipse.org:/cvsroot/modeling,,org.eclipse.m2m/org.eclipse.m2m.qvt.oml/plugins/org.eclipse.m2m.qvt.oml.ui
plugin@org.eclipse.m2m.qvt.oml.trace.edit=v20080930-1000,:pserver:anonymous@dev.eclipse.org:/cvsroot/modeling,,org.eclipse.m2m/org.eclipse.m2m.qvt.oml/plugins/org.eclipse.m2m.qvt.oml.trace.edit

!*** QVT examples ***************************************************************************
feature@org.eclipse.m2m.qvt.oml.examples=v20080930-1000,:pserver:anonymous@dev.eclipse.org:/cvsroot/modeling,,org.eclipse.m2m/org.eclipse.m2m.qvt.oml/examples/org.eclipse.m2m.qvt.oml.examples-feature
plugin@org.eclipse.m2m.qvt.oml.samples=v20081103-1908,:pserver:anonymous@dev.eclipse.org:/cvsroot/modeling,,org.eclipse.m2m/org.eclipse.m2m.qvt.oml/plugins/org.eclipse.m2m.qvt.oml.samples

!*** QVTO tests ******************************************************************************
feature@org.eclipse.m2m.qvt.oml.tests=v20081103-1908,:pserver:anonymous@dev.eclipse.org:/cvsroot/modeling,,org.eclipse.m2m/org.eclipse.m2m.qvt.oml/features/org.eclipse.m2m.qvt.oml.tests-feature
plugin@org.eclipse.m2m.tests.qvt.oml=v20081103-1908,:pserver:anonymous@dev.eclipse.org:/cvsroot/modeling,,org.eclipse.m2m/org.eclipse.m2m.qvt.oml/tests/org.eclipse.m2m.tests.qvt.oml
plugin@org.eclipse.m2m.tests.qvt.oml.ui=HEAD,:pserver:anonymous@dev.eclipse.org:/cvsroot/modeling,,org.eclipse.m2m/org.eclipse.m2m.qvt.oml/tests/org.eclipse.m2m.tests.qvt.oml.ui

!*** Special entries from eclipse  
plugin@org.eclipse.test=v20080313,:pserver:anonymous@dev.eclipse.org:/cvsroot/eclipse,
fragment@org.eclipse.ant.optional.junit=v20070202,:pserver:anonymous@dev.eclipse.org:/cvsroot/eclipse,

!*** QVTO Docs ***************************************************************************
feature@org.eclipse.m2m.qvt.oml.doc=v20080930-1000,:pserver:anonymous@dev.eclipse.org:/cvsroot/modeling,,org.eclipse.m2m/org.eclipse.m2m.qvt.oml/doc/org.eclipse.m2m.qvt.oml.doc-feature
plugin@org.eclipse.m2m.qvt.oml.doc=v20081103-1908,:pserver:anonymous@dev.eclipse.org:/cvsroot/modeling,,org.eclipse.m2m/org.eclipse.m2m.qvt.oml/doc/org.eclipse.m2m.qvt.oml.doc